Microchip MPLAB XC8 Compiler V1.12 ()

Linker command line:

--edf=C:\Program Files (x86)\Microchip\xc8\v1.12\dat\en_msgs.txt -cs \
  -h+dist/default/production\RT_Program.production.sym -z -Q18F87K22 \
  -ol.obj -Mdist/default/production/RT_Program.production.map -E1 -ver=XC8 \
  -ACODE=00h-01FFFFh -ACONST=00h-01FFFFh -ASMALLCONST=01000h-010FFhx496 \
  -AMEDIUMCONST=01000h-0FFFFh,011000h-01FFFFh -ACOMRAM=01h-05Fh \
  -AABS1=00h-0F15h -ABIGRAM=01h-0F15h \
  -ARAM=060h-0FFh,0100h-01FFhx14,0F00h-0F15h -ABANK0=060h-0FFh \
  -ABANK1=0100h-01FFh -ABANK2=0200h-02FFh -ABANK3=0300h-03FFh \
  -ABANK4=0400h-04FFh -ABANK5=0500h-05FFh -ABANK6=0600h-06FFh \
  -ABANK7=0700h-07FFh -ABANK8=0800h-08FFh -ABANK9=0900h-09FFh \
  -ABANK10=0A00h-0AFFh -ABANK11=0B00h-0BFFh -ABANK12=0C00h-0CFFh \
  -ABANK13=0D00h-0DFFh -ABANK14=0E00h-0EFFh -ABANK15=0F00h-0F15h \
  -ASFR=0F16h-0F5Fh,0F60h-0FFFh \
  -preset_vec=00h,intcode=08h,intcodelo,powerup,init,end_init \
  -pramtop=01000h -psmallconst=SMALLCONST -pmediumconst=MEDIUMCONST \
  -pconst=CONST -AFARRAM=00h-00h -ACONFIG=0300000h-030000Dh -pconfig=CONFIG \
  -AIDLOC=0200000h-0200007h -pidloc=IDLOC -AEEDATA=0F00000h-0F003FFh \
  -peeprom_data=EEDATA \
  -prdata=COMRAM,nvrram=COMRAM,nvbit=COMRAM,rbss=COMRAM,rbit=COMRAM \
  -pfarbss=FARRAM,fardata=FARRAM \
  -pintsave_regs=BIGRAM,bigbss=BIGRAM,bigdata=BIGRAM -pbss=RAM \
  -pidata=CODE,irdata=CODE,ibigdata=CODE,ifardata=CODE \
  C:\Users\nicog\AppData\Local\Temp\sc1g.obj \
  dist/default/production\RT_Program.production.obj 

Object code version is 3.10

Machine type is 18F87K22

Call graph: (short form)




                Name                               Link     Load   Length Selector   Space Scale
C:\Users\nicog\AppData\Local\Temp\sc1g.obj
                end_init                            3CA      3CA        4        4       0
                reset_vec                             0        0        4        0       0
                idloc                            200000   200000        8   200000       0
                config                           300000   300000        E   300000       0
dist/default/production\RT_Program.production.obj
                intcode                               8        8      3C2        4       0
                mediumconst                        FF00     FF00      100     7F80       0
                text47                            1236A    1236A       1E     8000       0
                text46                            1229A    1229A       2A     8000       0
                text45                            11F08    11F08       62     8000       0
                text44                            12270    12270       2A     8000       0
                text43                            11D76    11D76       6C     8000       0
                text42                            11EA6    11EA6       62     8000       0
                text41                            11928    11928       BC     8000       0
                text40                            119E4    119E4       A8     8000       0
                text39                            1147A    1147A      104     8000       0
                text38                            1232C    1232C       20     8000       0
                text37                            122C4    122C4       26     8000       0
                text36                            11B9A    11B9A       82     8000       0
                text35                            123A0    123A0       18     8000       0
                text34                            121A8    121A8       3A     8000       0
                text33                            12388    12388       18     8000       0
                text32                            11A8C    11A8C       88     8000       0
                text31                            11E44    11E44       62     8000       0
                text30                            1216A    1216A       3E     8000       0
                text29                            11768    11768       EA     8000       0
                text28                            1126C    1126C      108     8000       0
                text27                            1157E    1157E       F8     8000       0
                text26                            11D06    11D06       70     8000       0
                text25                            11C1C    11C1C       7A     8000       0
                text24                            11374    11374      106     8000       0
                text23                            11852    11852       D6     8000       0
                text22                            1202A    1202A       58     8000       0
                text21                            11C96    11C96       70     8000       0
                text20                            11B14    11B14       86     8000       0
                text19                            12082    12082       52     8000       0
                text18                            11FCA    11FCA       60     8000       0
                text17                            122EA    122EA       22     8000       0
                text16                            11676    11676       F2     8000       0
                text15                            11F6A    11F6A       60     8000       0
                text14                            10E40    10E40      176     8000       0
                text13                            1230C    1230C       20     8000       0
                text12                            1111C    1111C      150     8000       0
                text11                            10C32    10C32      20E     8000       0
                text10                            120D4    120D4       50     8000       0
                text9                             123B8    123B8        4     8000       0
                text8                             12124    12124       46     8000       0
                text7                             10000    10000      7F2     8000       0
                text6                             10FB6    10FB6      166     8000       0
                text4                             12246    12246       2A     8000       0
                text3                             11DE2    11DE2       62     8000       0
                text2                             121E2    121E2       36     8000       0
                text1                             107F2    107F2      440     8000       0
                cstackCOMRAM                          1        1       3A        1       1
                cstackBANK0                          9A       9A        8       92       1
                bssBANK0                             92       92        8       92       1
                bssCOMRAM                            3B       3B        6        1       1
                cinit                             1234C    1234C       1E     8000       0
                text0                             12218    12218       2E     8000       0

TOTAL           Name                               Link     Load   Length     Space
        CLASS   CODE           
                end_init                            3CA      3CA        4         0
                intcode                               8        8      3C2         0
                reset_vec                             0        0        4         0
                text47                            1236A    1236A       1E         0
                text46                            1229A    1229A       2A         0
                text45                            11F08    11F08       62         0
                text44                            12270    12270       2A         0
                text43                            11D76    11D76       6C         0
                text42                            11EA6    11EA6       62         0
                text41                            11928    11928       BC         0
                text40                            119E4    119E4       A8         0
                text39                            1147A    1147A      104         0
                text38                            1232C    1232C       20         0
                text37                            122C4    122C4       26         0
                text36                            11B9A    11B9A       82         0
                text35                            123A0    123A0       18         0
                text34                            121A8    121A8       3A         0
                text33                            12388    12388       18         0
                text32                            11A8C    11A8C       88         0
                text31                            11E44    11E44       62         0
                text30                            1216A    1216A       3E         0
                text29                            11768    11768       EA         0
                text28                            1126C    1126C      108         0
                text27                            1157E    1157E       F8         0
                text26                            11D06    11D06       70         0
                text25                            11C1C    11C1C       7A         0
                text24                            11374    11374      106         0
                text23                            11852    11852       D6         0
                text22                            1202A    1202A       58         0
                text21                            11C96    11C96       70         0
                text20                            11B14    11B14       86         0
                text19                            12082    12082       52         0
                text18                            11FCA    11FCA       60         0
                text17                            122EA    122EA       22         0
                text16                            11676    11676       F2         0
                text15                            11F6A    11F6A       60         0
                text14                            10E40    10E40      176         0
                text13                            1230C    1230C       20         0
                text12                            1111C    1111C      150         0
                text11                            10C32    10C32      20E         0
                text10                            120D4    120D4       50         0
                text9                             123B8    123B8        4         0
                text8                             12124    12124       46         0
                text7                             10000    10000      7F2         0
                text6                             10FB6    10FB6      166         0
                text4                             12246    12246       2A         0
                text3                             11DE2    11DE2       62         0
                text2                             121E2    121E2       36         0
                text1                             107F2    107F2      440         0
                cinit                             1234C    1234C       1E         0
                text0                             12218    12218       2E         0

        CLASS   CONST          

        CLASS   SMALLCONST     

        CLASS   MEDIUMCONST    
                mediumconst                        FF00     FF00      100         0

        CLASS   COMRAM         
                cstackCOMRAM                          1        1       3A         1
                bssCOMRAM                            3B       3B        6         1

        CLASS   ABS1           
                abs_s1                               60       60       32         1
                abs_s1                              100      100       42         1
                abs_s1                              103      103        1         1
                abs_s1                              200      200       42         1
                abs_s1                              203      203        1         1
                abs_s1                              300      300       42         1
                abs_s1                              303      303        1         1
                abs_s1                              400      400       42         1
                abs_s1                              403      403        1         1
                abs_s1                              500      500       42         1
                abs_s1                              503      503        1         1
                abs_s1                              600      600       42         1
                abs_s1                              603      603        1         1

        CLASS   BIGRAM         

        CLASS   RAM            

        CLASS   BANK0          
                cstackBANK0                          9A       9A        8         1
                bssBANK0                             92       92        8         1

        CLASS   BANK1          

        CLASS   BANK2          

        CLASS   BANK3          

        CLASS   BANK4          

        CLASS   BANK5          

        CLASS   BANK6          

        CLASS   BANK7          

        CLASS   BANK8          

        CLASS   BANK9          

        CLASS   BANK10         

        CLASS   BANK11         

        CLASS   BANK12         

        CLASS   BANK13         

        CLASS   BANK14         

        CLASS   BANK15         

        CLASS   SFR            

        CLASS   FARRAM         

        CLASS   CONFIG         
                config                           300000   300000        E         0

        CLASS   IDLOC          
                idloc                            200000   200000        8         0

        CLASS   EEDATA         



SEGMENTS        Name                           Load    Length   Top    Selector   Space  Class

                reset_vec                      000000  000004  000004         0       0  CODE    
                cstackCOMRAM                   000001  000040  000041         1       1  COMRAM  
                intcode                        000008  0003C6  0003CE         4       0  CODE    
                bssBANK0                       000092  000010  0000A2        92       1  BANK0   
                mediumconst                    00FF00  000100  010000      7F80       0  MEDIUMCO
                text7                          010000  0023BC  0123BC      8000       0  CODE    
                idloc                          200000  000008  200008    200000       0  IDLOC   
                config                         300000  00000E  30000E    300000       0  CONFIG  


UNUSED ADDRESS RANGES

        Name                Unused          Largest block    Delta
        BANK0            0000A2-0000FF               5E
        BANK1            000142-0001FF               BE
        BANK10           000A00-000AFF              100
        BANK11           000B00-000BFF              100
        BANK12           000C00-000CFF              100
        BANK13           000D00-000DFF              100
        BANK14           000E00-000EFF              100
        BANK15           000F00-000F15               16
        BANK2            000242-0002FF               BE
        BANK3            000342-0003FF               BE
        BANK4            000442-0004FF               BE
        BANK5            000542-0005FF               BE
        BANK6            000642-0006FF               BE
        BANK7            000700-0007FF              100
        BANK8            000800-0008FF              100
        BANK9            000900-0009FF              100
        BIGRAM           000041-00005F               1F
                         0000A2-0000FF               5E
                         000142-0001FF               BE
                         000242-0002FF               BE
                         000342-0003FF               BE
                         000442-0004FF               BE
                         000542-0005FF               BE
                         000642-000F15              8D4
        CODE             000004-000007                4
                         0003CE-00FEFF             FB32
                         0123BC-01FFFF             DC44
        COMRAM           000041-00005F               1F
        CONST            000004-000007                4
                         0003CE-00FEFF             FB32
                         0123BC-01FFFF             DC44
        EEDATA           F00000-F003FF              400
        MEDIUMCONST      001000-00FEFF             EF00
                         0123BC-01FFFF             DC44
        RAM              0000A2-0000FF               5E
                         000142-0001FF               BE
                         000242-0002FF               BE
                         000342-0003FF               BE
                         000442-0004FF               BE
                         000542-0005FF               BE
                         000642-000F15              100
        SFR              000F16-000FFF               4A
        SMALLCONST       001000-00FEFF              100
                         0123BC-01FFFF              100

                                  Symbol Table

?_Init                                       cstackBANK0  00009A
?___aldiv                                    cstackCOMRAM 00000D
?___awdiv                                    cstackCOMRAM 000001
?___awmod                                    cstackCOMRAM 000001
?___lmul                                     cstackCOMRAM 000001
?___lwdiv                                    cstackCOMRAM 000001
?_add_timer                                  cstackCOMRAM 00000D
?_command                                    cstackCOMRAM 000006
?_d1command                                  cstackCOMRAM 000006
?_d2command                                  cstackCOMRAM 000006
?_delai_us_char                              cstackCOMRAM 000001
?_draw_char                                  cstackCOMRAM 00000A
?_draw_hex8                                  cstackCOMRAM 00000D
?_draw_string                                cstackCOMRAM 00000A
?_goto_lico                                  cstackCOMRAM 00000B
?_lecture_8bit_analogique                    cstackCOMRAM 000001
?_lecture_normale                            cstackCOMRAM 000003
?_plot1                                      cstackCOMRAM 00000B
?_read_EEPROM                                cstackCOMRAM 00000A
?_stid_delai_us                              cstackCOMRAM 000001
?_tp_delai                                   cstackCOMRAM 000001
?_write_EEPROM                               cstackBANK0  00009A
?_write_c_aff                                cstackCOMRAM 000001
?_write_d_aff                                cstackCOMRAM 000001
?i2_Init                                     cstackCOMRAM 000001
?i2_write_EEPROM                             cstackCOMRAM 000001
Init@sem                                     cstackBANK0  00009A
_ADCON0                                      (abs)        000FC2
_ADCON0bits                                  (abs)        000FC2
_ADCON1                                      (abs)        000FC1
_ADCON2                                      (abs)        000FC0
_ADRESH                                      (abs)        000FC4
_ADRESL                                      (abs)        000FC3
_ANCON0                                      (abs)        000F25
_ANCON0bits                                  (abs)        000F25
_ANCON1                                      (abs)        000F24
_ANCON1bits                                  (abs)        000F24
_ANCON2                                      (abs)        000F23
_BAUDCON1                                    (abs)        000F65
_BSR                                         (abs)        000FE0
_BSR_TEMPORAIRE                              (abs)        000062
_DEMARRAGE                                   (abs)        000065
_EEADR                                       (abs)        000F62
_EEADRH                                      (abs)        000F63
_EECON1                                      (abs)        000F7F
_EECON1bits                                  (abs)        000F7F
_EECON2                                      (abs)        000F7E
_EEDATA                                      (abs)        000F61
_FSR0H                                       (abs)        000FEA
_FSR0H_TEMPORAIRE                            (abs)        000063
_FSR0L                                       (abs)        000FE9
_FSR0L_TEMPORAIRE                            (abs)        000064
_FSR1H                                       (abs)        000FE2
_FSR1L                                       (abs)        000FE1
_FSR2H                                       (abs)        000FDA
_FSR2L                                       (abs)        000FD9
_INTCON2bits                                 (abs)        000FF1
_INTCONbits                                  (abs)        000FF2
_IPR6bits                                    (abs)        000FA9
_Init                                        text2        0121E2
_LATCbits                                    (abs)        000F8B
_LATDbits                                    (abs)        000F8C
_LATGbits                                    (abs)        000F8F
_LATH                                        (abs)        000F90
_LATJ                                        (abs)        000F91
_LATJbits                                    (abs)        000F91
_MEMCON                                      (abs)        000F26
_PADCFG1bits                                 (abs)        000F53
_PCLATH                                      (abs)        000FFA
_PCLATU                                      (abs)        000FFB
_PIR1bits                                    (abs)        000F9E
_PORTBbits                                   (abs)        000F81
_PORTDbits                                   (abs)        000F83
_PORTEbits                                   (abs)        000F84
_PORTH                                       (abs)        000F87
_POSTINC0                                    (abs)        000FEE
_POSTINC1                                    (abs)        000FE6
_PRODH                                       (abs)        000FF4
_PRODL                                       (abs)        000FF3
_RCSTA1                                      (abs)        000FAB
_RXTX_libre                                  (abs)        000080
_SPBRG1                                      (abs)        000FAF
_SPBRGH1                                     (abs)        000FD4
_STATUS                                      (abs)        000FD8
_STATUS_TEMPORAIRE                           (abs)        000061
_STKPTR                                      (abs)        000FFC
_STKPTR_T1                                   (abs)        000103
_STKPTR_T2                                   (abs)        000203
_STKPTR_T3                                   (abs)        000303
_STKPTR_T4                                   (abs)        000403
_STKPTR_T5                                   (abs)        000503
_STKPTR_T6                                   (abs)        000603
_T0CON                                       (abs)        000FD5
_T0CONbits                                   (abs)        000FD5
_T0IE                                        (abs)        007F95
_T0IF                                        (abs)        007F92
_TABLAT                                      (abs)        000FF5
_TBLPTRH                                     (abs)        000FF7
_TBLPTRL                                     (abs)        000FF6
_TBLPTRU                                     (abs)        000FF8
_TMR0                                        (abs)        000FD6
_TOSH                                        (abs)        000FFE
_TOSL                                        (abs)        000FFD
_TOSU                                        (abs)        000FFF
_TP_appui                                    (abs)        000066
_TP_x                                        (abs)        000067
_TP_y                                        (abs)        000068
_TRISCbits                                   (abs)        000F94
_TRISDbits                                   (abs)        000F95
_TRISGbits                                   (abs)        000F98
_TRISH                                       (abs)        000F99
_TRISJ                                       (abs)        000F9A
_TXREG1                                      (abs)        000FAD
_TXSTA1                                      (abs)        000FAC
_TXSTA1bits                                  (abs)        000FAC
_Tick_Count                                  (abs)        000071
_Timer_G                                     (abs)        000081
_Timer_swap                                  (abs)        000085
_Val_sem_cna                                 bssCOMRAM    00003E
_Val_sem_rxtx                                bssCOMRAM    00003F
_WREG                                        (abs)        000FE8
_W_TEMPORAIRE                                (abs)        000060
__CFG_ABW$MM                                 (abs)        000000
__CFG_BBSIZ$BB1K                             (abs)        000000
__CFG_BOREN$OFF                              (abs)        000000
__CFG_BORPWR$ZPBORMV                         (abs)        000000
__CFG_BORV$0                                 (abs)        000000
__CFG_BW$8                                   (abs)        000000
__CFG_CCP2MX$PORTBE                          (abs)        000000
__CFG_CP0$OFF                                (abs)        000000
__CFG_CP1$OFF                                (abs)        000000
__CFG_CP2$OFF                                (abs)        000000
__CFG_CP3$OFF                                (abs)        000000
__CFG_CP4$OFF                                (abs)        000000
__CFG_CP5$OFF                                (abs)        000000
__CFG_CP6$OFF                                (abs)        000000
__CFG_CP7$OFF                                (abs)        000000
__CFG_CPB$OFF                                (abs)        000000
__CFG_CPD$OFF                                (abs)        000000
__CFG_DEBUG$OFF                              (abs)        000000
__CFG_EASHFT$OFF                             (abs)        000000
__CFG_EBRT0$OFF                              (abs)        000000
__CFG_EBRT1$OFF                              (abs)        000000
__CFG_EBRT2$OFF                              (abs)        000000
__CFG_EBRT3$OFF                              (abs)        000000
__CFG_EBRT4$OFF                              (abs)        000000
__CFG_EBRT5$OFF                              (abs)        000000
__CFG_EBRT6$OFF                              (abs)        000000
__CFG_EBRT7$OFF                              (abs)        000000
__CFG_EBRTB$OFF                              (abs)        000000
__CFG_ECCPMX$PORTH                           (abs)        000000
__CFG_FCMEN$OFF                              (abs)        000000
__CFG_FOSC$HS1                               (abs)        000000
__CFG_IESO$OFF                               (abs)        000000
__CFG_INTOSCSEL$HIGH                         (abs)        000000
__CFG_MCLRE$ON                               (abs)        000000
__CFG_MSSPMSK$MSK5                           (abs)        000000
__CFG_PLLCFG$ON                              (abs)        000000
__CFG_PWRTEN$OFF                             (abs)        000000
__CFG_RETEN$ON                               (abs)        000000
__CFG_RTCOSC$INTOSCREF                       (abs)        000000
__CFG_SOSCSEL$DIG                            (abs)        000000
__CFG_STVREN$ON                              (abs)        000000
__CFG_WAIT$ON                                (abs)        000000
__CFG_WDTEN$OFF                              (abs)        000000
__CFG_WDTPS$1                                (abs)        000000
__CFG_WRT0$OFF                               (abs)        000000
__CFG_WRT1$OFF                               (abs)        000000
__CFG_WRT2$OFF                               (abs)        000000
__CFG_WRT3$OFF                               (abs)        000000
__CFG_WRT4$OFF                               (abs)        000000
__CFG_WRT5$OFF                               (abs)        000000
__CFG_WRT6$OFF                               (abs)        000000
__CFG_WRT7$OFF                               (abs)        000000
__CFG_WRTB$OFF                               (abs)        000000
__CFG_WRTC$OFF                               (abs)        000000
__CFG_WRTD$OFF                               (abs)        000000
__CFG_XINST$OFF                              (abs)        000000
__HRAM                                       (abs)        000000
__Habs1                                      abs1         000000
__Hbank0                                     bank0        000000
__Hbank1                                     bank1        000000
__Hbank10                                    bank10       000000
__Hbank11                                    bank11       000000
__Hbank12                                    bank12       000000
__Hbank13                                    bank13       000000
__Hbank14                                    bank14       000000
__Hbank15                                    bank15       000000
__Hbank2                                     bank2        000000
__Hbank3                                     bank3        000000
__Hbank4                                     bank4        000000
__Hbank5                                     bank5        000000
__Hbank6                                     bank6        000000
__Hbank7                                     bank7        000000
__Hbank8                                     bank8        000000
__Hbank9                                     bank9        000000
__Hbigbss                                    bigbss       000000
__Hbigdata                                   bigdata      000000
__Hbigram                                    bigram       000000
__Hbss                                       bss          000000
__HbssBANK0                                  bssBANK0     000000
__HbssCOMRAM                                 bssCOMRAM    000000
__Hcinit                                     cinit        000000
__Hclrtext                                   clrtext      000000
__Hcomram                                    comram       000000
__Hconfig                                    config       30000E
__Hconst                                     const        000000
__HcstackBANK0                               cstackBANK0  000000
__HcstackCOMRAM                              cstackCOMRAM 000000
__Hdata                                      data         000000
__Heeprom_data                               eeprom_data  000000
__Hend_init                                  end_init     0003CE
__Hfarbss                                    farbss       000000
__Hfardata                                   fardata      000000
__Hibigdata                                  ibigdata     000000
__Hidata                                     idata        000000
__Hidloc                                     idloc        200008
__Hifardata                                  ifardata     000000
__Hinit                                      init         0003CA
__Hintcode                                   intcode      0003CA
__Hintcode_body                              intcode_body 000000
__Hintcodelo                                 intcodelo    0003CA
__Hintentry                                  intentry     000000
__Hintret                                    intret       000000
__Hintsave_regs                              intsave_regs 000000
__Hirdata                                    irdata       000000
__Hmediumconst                               mediumconst  010000
__Hnvbit                                     nvbit        000000
__Hnvrram                                    nvrram       000000
__Hparam                                     rparam       000000
__Hpowerup                                   powerup      0003CA
__Hram                                       ram          000000
__Hramtop                                    ramtop       001000
__Hrbit                                      rbit         000000
__Hrbss                                      rbss         000000
__Hrdata                                     rdata        000000
__Hreset_vec                                 reset_vec    000004
__Hrparam                                    rparam       000000
__Hsfr                                       sfr          000000
__Hsmallconst                                smallconst   000000
__Hstruct                                    struct       000000
__Htemp                                      temp         000000
__Htext                                      text         000000
__Htext0                                     text0        000000
__Htext1                                     text1        000000
__Htext10                                    text10       000000
__Htext11                                    text11       000000
__Htext12                                    text12       000000
__Htext13                                    text13       000000
__Htext14                                    text14       000000
__Htext15                                    text15       000000
__Htext16                                    text16       000000
__Htext17                                    text17       000000
__Htext18                                    text18       000000
__Htext19                                    text19       000000
__Htext2                                     text2        000000
__Htext20                                    text20       000000
__Htext21                                    text21       000000
__Htext22                                    text22       000000
__Htext23                                    text23       000000
__Htext24                                    text24       000000
__Htext25                                    text25       000000
__Htext26                                    text26       000000
__Htext27                                    text27       000000
__Htext28                                    text28       000000
__Htext29                                    text29       000000
__Htext3                                     text3        000000
__Htext30                                    text30       000000
__Htext31                                    text31       000000
__Htext32                                    text32       000000
__Htext33                                    text33       000000
__Htext34                                    text34       000000
__Htext35                                    text35       000000
__Htext36                                    text36       000000
__Htext37                                    text37       000000
__Htext38                                    text38       000000
__Htext39                                    text39       000000
__Htext4                                     text4        000000
__Htext40                                    text40       000000
__Htext41                                    text41       000000
__Htext42                                    text42       000000
__Htext43                                    text43       000000
__Htext44                                    text44       000000
__Htext45                                    text45       000000
__Htext46                                    text46       000000
__Htext47                                    text47       000000
__Htext48                                    text48       000000
__Htext6                                     text6        000000
__Htext7                                     text7        000000
__Htext8                                     text8        000000
__Htext9                                     text9        000000
__LRAM                                       (abs)        000001
__Labs1                                      abs1         000000
__Lbank0                                     bank0        000000
__Lbank1                                     bank1        000000
__Lbank10                                    bank10       000000
__Lbank11                                    bank11       000000
__Lbank12                                    bank12       000000
__Lbank13                                    bank13       000000
__Lbank14                                    bank14       000000
__Lbank15                                    bank15       000000
__Lbank2                                     bank2        000000
__Lbank3                                     bank3        000000
__Lbank4                                     bank4        000000
__Lbank5                                     bank5        000000
__Lbank6                                     bank6        000000
__Lbank7                                     bank7        000000
__Lbank8                                     bank8        000000
__Lbank9                                     bank9        000000
__Lbigbss                                    bigbss       000000
__Lbigdata                                   bigdata      000000
__Lbigram                                    bigram       000000
__Lbss                                       bss          000000
__LbssBANK0                                  bssBANK0     000000
__LbssCOMRAM                                 bssCOMRAM    000000
__Lcinit                                     cinit        000000
__Lclrtext                                   clrtext      000000
__Lcomram                                    comram       000000
__Lconfig                                    config       300000
__Lconst                                     const        000000
__LcstackBANK0                               cstackBANK0  000000
__LcstackCOMRAM                              cstackCOMRAM 000000
__Ldata                                      data         000000
__Leeprom_data                               eeprom_data  000000
__Lend_init                                  end_init     0003CA
__Lfarbss                                    farbss       000000
__Lfardata                                   fardata      000000
__Libigdata                                  ibigdata     000000
__Lidata                                     idata        000000
__Lidloc                                     idloc        200000
__Lifardata                                  ifardata     000000
__Linit                                      init         0003CA
__Lintcode                                   intcode      000008
__Lintcode_body                              intcode_body 000000
__Lintcodelo                                 intcodelo    0003CA
__Lintentry                                  intentry     000000
__Lintret                                    intret       000000
__Lintsave_regs                              intsave_regs 000000
__Lirdata                                    irdata       000000
__Lmediumconst                               mediumconst  00FF00
__Lnvbit                                     nvbit        000000
__Lnvrram                                    nvrram       000000
__Lparam                                     rparam       000000
__Lpowerup                                   powerup      0003CA
__Lram                                       ram          000000
__Lramtop                                    ramtop       001000
__Lrbit                                      rbit         000000
__Lrbss                                      rbss         000000
__Lrdata                                     rdata        000000
__Lreset_vec                                 reset_vec    000000
__Lrparam                                    rparam       000000
__Lsfr                                       sfr          000000
__Lsmallconst                                smallconst   000000
__Lstruct                                    struct       000000
__Ltemp                                      temp         000000
__Ltext                                      text         000000
__Ltext0                                     text0        000000
__Ltext1                                     text1        000000
__Ltext10                                    text10       000000
__Ltext11                                    text11       000000
__Ltext12                                    text12       000000
__Ltext13                                    text13       000000
__Ltext14                                    text14       000000
__Ltext15                                    text15       000000
__Ltext16                                    text16       000000
__Ltext17                                    text17       000000
__Ltext18                                    text18       000000
__Ltext19                                    text19       000000
__Ltext2                                     text2        000000
__Ltext20                                    text20       000000
__Ltext21                                    text21       000000
__Ltext22                                    text22       000000
__Ltext23                                    text23       000000
__Ltext24                                    text24       000000
__Ltext25                                    text25       000000
__Ltext26                                    text26       000000
__Ltext27                                    text27       000000
__Ltext28                                    text28       000000
__Ltext29                                    text29       000000
__Ltext3                                     text3        000000
__Ltext30                                    text30       000000
__Ltext31                                    text31       000000
__Ltext32                                    text32       000000
__Ltext33                                    text33       000000
__Ltext34                                    text34       000000
__Ltext35                                    text35       000000
__Ltext36                                    text36       000000
__Ltext37                                    text37       000000
__Ltext38                                    text38       000000
__Ltext39                                    text39       000000
__Ltext4                                     text4        000000
__Ltext40                                    text40       000000
__Ltext41                                    text41       000000
__Ltext42                                    text42       000000
__Ltext43                                    text43       000000
__Ltext44                                    text44       000000
__Ltext45                                    text45       000000
__Ltext46                                    text46       000000
__Ltext47                                    text47       000000
__Ltext48                                    text48       000000
__Ltext6                                     text6        000000
__Ltext7                                     text7        000000
__Ltext8                                     text8        000000
__Ltext9                                     text9        000000
__S0                                         (abs)        30000E
__S1                                         (abs)        0000A2
___aldiv                                     text39       01147A
___aldiv@counter                             cstackCOMRAM 000016
___aldiv@dividend                            cstackCOMRAM 00000D
___aldiv@divisor                             cstackCOMRAM 000011
___aldiv@quotient                            cstackCOMRAM 000018
___aldiv@sign                                cstackCOMRAM 000017
___awdiv                                     text41       011928
___awdiv@counter                             cstackCOMRAM 000006
___awdiv@dividend                            cstackCOMRAM 000001
___awdiv@divisor                             cstackCOMRAM 000003
___awdiv@quotient                            cstackCOMRAM 000008
___awdiv@sign                                cstackCOMRAM 000007
___awmod                                     text40       0119E4
___awmod@counter                             cstackCOMRAM 000006
___awmod@dividend                            cstackCOMRAM 000001
___awmod@divisor                             cstackCOMRAM 000003
___awmod@sign                                cstackCOMRAM 000007
___lmul                                      text42       011EA6
___lmul@multiplicand                         cstackCOMRAM 000005
___lmul@multiplier                           cstackCOMRAM 000001
___lmul@product                              cstackCOMRAM 000009
___lwdiv                                     text43       011D76
___lwdiv@counter                             cstackCOMRAM 000008
___lwdiv@dividend                            cstackCOMRAM 000001
___lwdiv@divisor                             cstackCOMRAM 000003
___lwdiv@quotient                            cstackCOMRAM 000006
__accesstop                                  (abs)        000060
__activetblptr                               (abs)        000003
__end_of_Init                                text2        012218
__end_of___aldiv                             text39       01157E
__end_of___awdiv                             text41       0119E4
__end_of___awmod                             text40       011A8C
__end_of___lmul                              text42       011F08
__end_of___lwdiv                             text43       011DE2
__end_of__initialization                     cinit        012364
__end_of__stringdata                         mediumconst  00FFFF
__end_of_add_timer                           text29       011852
__end_of_check_status_ok                     text30       0121A8
__end_of_clear_graphics                      text15       011FCA
__end_of_clear_text                          text18       01202A
__end_of_command                             text34       0121E2
__end_of_conv_badge_8bitsh                   text25       011C96
__end_of_conv_badge_8bitsl                   text26       011D76
__end_of_d1command                           text31       011EA6
__end_of_d2command                           text32       011B14
__end_of_delai_us_char                       text37       0122EA
__end_of_draw_char                           text19       0120D4
__end_of_draw_hex8                           text20       011B9A
__end_of_draw_string                         text22       012082
__end_of_follow_driver_timer                 text24       01147A
__end_of_follow_driver_timer_anormal         text28       011374
__end_of_fonction_d_interruption             intcode      0003CA
__end_of_goto_lico                           text21       011D06
__end_of_init_chRGB                          text16       011768
__end_of_init_rxtx                           text17       01230C
__end_of_initialisation_afficheur            text14       010FB6
__end_of_initialisation_des_ports            text3        011E44
__end_of_initialisation_du_systeme           text1        010C32
__end_of_lecture_8bit_analogique             text8        01216A
__end_of_lecture_normale                     text27       011676
__end_of_main                                text0        012246
__end_of_plot1                               text23       011928
__end_of_read_EEPROM                         text47       012388
__end_of_stid_delai_us                       text38       01234C
__end_of_tache1                              text9        0123BC
__end_of_tache2                              text12       01126C
__end_of_tache3                              text7        0107F2
__end_of_tache4                              text6        01111C
__end_of_tache5                              text11       010E40
__end_of_tache6                              text10       012124
__end_of_tp_delai                            text13       01232C
__end_of_wait_status_ok                      text36       011C1C
__end_of_write_EEPROM                        text4        012270
__end_of_write_c_aff                         text35       0123B8
__end_of_write_d_aff                         text33       0123A0
__end_ofi2_Init                              text46       0122C4
__end_ofi2_initialisation_des_ports          text45       011F6A
__end_ofi2_write_EEPROM                      text44       01229A
__initialization                             cinit        01234C
__mediumconst                                mediumconst  00FF00
__pbssBANK0                                  bssBANK0     000092
__pbssCOMRAM                                 bssCOMRAM    00003B
__pcinit                                     cinit        01234C
__pcstackBANK0                               cstackBANK0  00009A
__pcstackCOMRAM                              cstackCOMRAM 000001
__pintcode                                   intcode      000008
__pmediumconst                               mediumconst  00FF00
__ptext0                                     text0        012218
__ptext1                                     text1        0107F2
__ptext10                                    text10       0120D4
__ptext11                                    text11       010C32
__ptext12                                    text12       01111C
__ptext13                                    text13       01230C
__ptext14                                    text14       010E40
__ptext15                                    text15       011F6A
__ptext16                                    text16       011676
__ptext17                                    text17       0122EA
__ptext18                                    text18       011FCA
__ptext19                                    text19       012082
__ptext2                                     text2        0121E2
__ptext20                                    text20       011B14
__ptext21                                    text21       011C96
__ptext22                                    text22       01202A
__ptext23                                    text23       011852
__ptext24                                    text24       011374
__ptext25                                    text25       011C1C
__ptext26                                    text26       011D06
__ptext27                                    text27       01157E
__ptext28                                    text28       01126C
__ptext29                                    text29       011768
__ptext3                                     text3        011DE2
__ptext30                                    text30       01216A
__ptext31                                    text31       011E44
__ptext32                                    text32       011A8C
__ptext33                                    text33       012388
__ptext34                                    text34       0121A8
__ptext35                                    text35       0123A0
__ptext36                                    text36       011B9A
__ptext37                                    text37       0122C4
__ptext38                                    text38       01232C
__ptext39                                    text39       01147A
__ptext4                                     text4        012246
__ptext40                                    text40       0119E4
__ptext41                                    text41       011928
__ptext42                                    text42       011EA6
__ptext43                                    text43       011D76
__ptext44                                    text44       012270
__ptext45                                    text45       011F08
__ptext46                                    text46       01229A
__ptext47                                    text47       01236A
__ptext48                                    text48       000000
__ptext6                                     text6        010FB6
__ptext7                                     text7        010000
__ptext8                                     text8        012124
__ptext9                                     text9        0123B8
__ramtop                                     ramtop       001000
__size_of_Init                               (abs)        000000
__size_of___aldiv                            (abs)        000000
__size_of___awdiv                            (abs)        000000
__size_of___awmod                            (abs)        000000
__size_of___lmul                             (abs)        000000
__size_of___lwdiv                            (abs)        000000
__size_of_add_timer                          (abs)        000000
__size_of_check_status_ok                    (abs)        000000
__size_of_clear_graphics                     (abs)        000000
__size_of_clear_text                         (abs)        000000
__size_of_command                            (abs)        000000
__size_of_conv_badge_8bitsh                  (abs)        000000
__size_of_conv_badge_8bitsl                  (abs)        000000
__size_of_d1command                          (abs)        000000
__size_of_d2command                          (abs)        000000
__size_of_delai_us_char                      (abs)        000000
__size_of_draw_char                          (abs)        000000
__size_of_draw_hex8                          (abs)        000000
__size_of_draw_string                        (abs)        000000
__size_of_follow_driver_timer                (abs)        000000
__size_of_follow_driver_timer_anormal        (abs)        000000
__size_of_fonction_d_interruption            (abs)        000000
__size_of_goto_lico                          (abs)        000000
__size_of_init_chRGB                         (abs)        000000
__size_of_init_rxtx                          (abs)        000000
__size_of_initialisation_afficheur           (abs)        000000
__size_of_initialisation_des_ports           (abs)        000000
__size_of_initialisation_du_systeme          (abs)        000000
__size_of_lecture_8bit_analogique            (abs)        000000
__size_of_lecture_normale                    (abs)        000000
__size_of_main                               (abs)        000000
__size_of_plot1                              (abs)        000000
__size_of_read_EEPROM                        (abs)        000000
__size_of_stid_delai_us                      (abs)        000000
__size_of_tache1                             (abs)        000000
__size_of_tache2                             (abs)        000000
__size_of_tache3                             (abs)        000000
__size_of_tache4                             (abs)        000000
__size_of_tache5                             (abs)        000000
__size_of_tache6                             (abs)        000000
__size_of_tp_delai                           (abs)        000000
__size_of_wait_status_ok                     (abs)        000000
__size_of_write_EEPROM                       (abs)        000000
__size_of_write_c_aff                        (abs)        000000
__size_of_write_d_aff                        (abs)        000000
__size_ofi2_Init                             (abs)        000000
__size_ofi2_initialisation_des_ports         (abs)        000000
__size_ofi2_write_EEPROM                     (abs)        000000
__smallconst                                 smallconst   000000
__stringdata                                 mediumconst  00FF00
_add_timer                                   text29       011768
_badge                                       (abs)        000075
_batterie                                    (abs)        000074
_check_status_ok                             text30       01216A
_clear_graphics                              text15       011F6A
_clear_text                                  text18       011FCA
_command                                     text34       0121A8
_contexte1                                   (abs)        000100
_contexte2                                   (abs)        000200
_contexte3                                   (abs)        000300
_contexte4                                   (abs)        000400
_contexte5                                   (abs)        000500
_contexte6                                   (abs)        000600
_conv_badge_8bitsh                           text25       011C1C
_conv_badge_8bitsl                           text26       011D06
_d1command                                   text31       011E44
_d2command                                   text32       011A8C
_delai_us_char                               text37       0122C4
_draw_char                                   text19       012082
_draw_hex8                                   text20       011B14
_draw_string                                 text22       01202A
_follow_driver_timer                         text24       011374
_follow_driver_timer_anormal                 text28       01126C
_fonction_d_interruption                     intcode      000008
_fptr                                        bssBANK0     000092
_goto_lico                                   text21       011C96
_init_chRGB                                  text16       011676
_init_rxtx                                   text17       0122EA
_initialisation_afficheur                    text14       010E40
_initialisation_des_ports                    text3        011DE2
_initialisation_du_systeme                   text1        0107F2
_lecture_8bit_analogique                     text8        012124
_lecture_normale                             text27       01157E
_main                                        text0        012218
_n_octet_badge                               (abs)        00007F
_plot1                                       text23       011852
_pointeur_de_tache                           (abs)        000070
_puc                                         bssBANK0     000095
_queue                                       (abs)        000069
_read_EEPROM                                 text47       01236A
_screen                                      bssCOMRAM    000040
_stid_delai_us                               text38       01232C
_tache1                                      text9        0123B8
_tache2                                      text12       01111C
_tache3                                      text7        010000
_tache4                                      text6        010FB6
_tache5                                      text11       010C32
_tache6                                      text10       0120D4
_tache_active                                (abs)        00006F
_tc                                          bssCOMRAM    00003B
_tempon_anormal_use                          (abs)        000090
_tempon_presence_cle                         (abs)        000087
_tempon_unused                               (abs)        000091
_tempon_warnning                             (abs)        00008A
_temps_final                                 (abs)        00008F
_temps_initial                               (abs)        000088
_temps_initial_warn                          (abs)        000089
_test_EEPROM                                 (abs)        00008B
_timer_swap_tempon                           (abs)        000086
_tp_delai                                    text13       01230C
_val_tos                                     bssBANK0     000097
_vitesse                                     (abs)        000073
_wait_status_ok                              text36       011B9A
_write_EEPROM                                text4        012246
_write_c_aff                                 text35       0123A0
_write_d_aff                                 text33       012388
add_timer@adressH                            cstackCOMRAM 00000E
add_timer@adressL                            cstackCOMRAM 00000F
add_timer@data_J                             cstackCOMRAM 00000D
add_timer@data_t                             cstackCOMRAM 000016
add_timer@mem_val                            cstackCOMRAM 000015
add_timer@reste                              cstackCOMRAM 000014
add_timer@reste_1914                         cstackCOMRAM 000012
add_timer@type                               cstackCOMRAM 000010
check_status_ok@res                          cstackCOMRAM 000002
clear_graphics@add                           cstackCOMRAM 00000E
clear_text@add                               cstackCOMRAM 00000E
command@cmd                                  cstackCOMRAM 000006
command@res                                  cstackCOMRAM 000008
conv_badge_8bitsh@badge_t                    cstackCOMRAM 000007
conv_badge_8bitsh@i                          cstackCOMRAM 000009
conv_badge_8bitsl@badge_t                    cstackCOMRAM 000005
conv_badge_8bitsl@i                          cstackCOMRAM 000007
d1command@cmd                                cstackCOMRAM 000007
d1command@d1                                 cstackCOMRAM 000006
d1command@res                                cstackCOMRAM 000009
d2command@cmd                                cstackCOMRAM 000008
d2command@d1                                 cstackCOMRAM 000006
d2command@d2                                 cstackCOMRAM 000007
d2command@res                                cstackCOMRAM 00000A
delai_us_char@ucdelai                        cstackCOMRAM 000001
draw_char@dccar                              cstackCOMRAM 00000A
draw_hex8@c                                  cstackCOMRAM 00000F
draw_hex8@octet                              cstackCOMRAM 00000D
draw_string@tableau                          cstackCOMRAM 00000A
end_of_initialization                        cinit        012364
follow_driver_timer@adresshigh               cstackCOMRAM 000025
follow_driver_timer@adresslow                cstackCOMRAM 000024
follow_driver_timer@heure                    cstackCOMRAM 000026
follow_driver_timer@heureh                   cstackCOMRAM 00001F
follow_driver_timer@heurel                   cstackCOMRAM 00001E
follow_driver_timer@min                      cstackCOMRAM 000020
follow_driver_timer@reste                    cstackCOMRAM 000021
follow_driver_timer@temps_act_driver         cstackCOMRAM 000022
follow_driver_timer_anormal@adresshigh       cstackCOMRAM 000025
follow_driver_timer_anormal@adresslow        cstackCOMRAM 000024
follow_driver_timer_anormal@heure            cstackCOMRAM 000026
follow_driver_timer_anormal@heureh           cstackCOMRAM 00001F
follow_driver_timer_anormal@heurel           cstackCOMRAM 00001E
follow_driver_timer_anormal@min              cstackCOMRAM 000020
follow_driver_timer_anormal@reste            cstackCOMRAM 000021
follow_driver_timer_anormal@temps_act_driver cstackCOMRAM 000022
goto_lico@adr                                cstackCOMRAM 00000E
goto_lico@colonne                            cstackCOMRAM 00000C
goto_lico@ligne                              cstackCOMRAM 00000B
i2Init@sem                                   cstackCOMRAM 000001
i2_Init                                      text46       01229A
i2_initialisation_des_ports                  text45       011F08
i2_write_EEPROM                              text44       012270
i2write_EEPROM@adressH                       cstackCOMRAM 000002
i2write_EEPROM@adressL                       cstackCOMRAM 000003
i2write_EEPROM@data                          cstackCOMRAM 000001
initialisation_afficheur@error_count         cstackCOMRAM 00000E
initialisation_du_systeme@temp               cstackBANK0  0000A0
intlevel0                                    text         000000
intlevel1                                    text         000000
intlevel2                                    text         000000
intlevel3                                    text         000000
lecture_8bit_analogique@channel              cstackCOMRAM 000001
lecture_8bit_analogique@ret                  cstackCOMRAM 000003
lecture_normale@n_bit                        cstackCOMRAM 000008
lecture_normale@n_octet                      cstackCOMRAM 000007
lecture_normale@octet                        cstackCOMRAM 000009
lecture_normale@stid_id                      cstackCOMRAM 000003
lecture_normale@temps_attente                cstackCOMRAM 000006
plot1@add                                    cstackCOMRAM 00000E
plot1@x                                      cstackCOMRAM 00000B
plot1@y                                      cstackCOMRAM 00000C
read_EEPROM@adressH                          cstackCOMRAM 00000A
read_EEPROM@adressL                          cstackCOMRAM 00000B
read_EEPROM@data                             cstackCOMRAM 00000C
start                                        init         0003CA
start_initialization                         cinit        01234C
stid_delai_us@isdu                           cstackCOMRAM 000001
tache2@hx                                    cstackCOMRAM 00000E
tache2@hy                                    cstackCOMRAM 000010
tache2@ix                                    cstackCOMRAM 00000A
tache2@iy                                    cstackCOMRAM 00000C
tache2@lx                                    cstackCOMRAM 00000F
tache2@ly                                    cstackCOMRAM 000011
tache3@i                                     cstackCOMRAM 000014
tache4@n                                     cstackCOMRAM 00002B
tache5@a                                     cstackCOMRAM 000001
tache6@n                                     cstackCOMRAM 00000B
tp_delai@itpd                                cstackCOMRAM 000001
wait_status_ok@err                           cstackCOMRAM 000003
wait_status_ok@res                           cstackCOMRAM 000005
wait_status_ok@status                        cstackCOMRAM 000004
write_EEPROM@adressH                         cstackBANK0  00009B
write_EEPROM@adressL                         cstackBANK0  00009C
write_EEPROM@data                            cstackBANK0  00009A
write_c_aff@command                          cstackCOMRAM 000001
write_d_aff@data                             cstackCOMRAM 000001


FUNCTION INFORMATION:

 *************** function _main *****************
 Defined at:
		line 4 in file "main.c"
 Parameters:    Size  Location     Type
		None
 Auto vars:     Size  Location     Type
		None
 Return value:  Size  Location     Type
		None               void
 Registers used:
		wreg, fsr0l, fsr0h, fsr1l, fsr1h, fsr2l, fsr2h, status,2, status,0, pclat, tosl, structret, tblptrl, tblptrh, tblptru, prodl, prodh, bsr, cstack
 Tracked objects:
		On entry : 
		On exit  : 
		Unchanged: 
 Data sizes:     COMRAM   BANK0   BANK1   BANK2   BANK3   BANK4   BANK5   BANK6   BANK7   BANK8   BANK9  BANK10  BANK11  BANK12  BANK13  BANK14  BANK15
      Params:         0       0       0       0       0       0       0       0       0       0       0       0       0       0       0       0       0
      Locals:         0       0       0       0       0       0       0       0       0       0       0       0       0       0       0       0       0
      Temps:          0       1       0       0       0       0       0       0       0       0       0       0       0       0       0       0       0
      Totals:         0       1       0       0       0       0       0       0       0       0       0       0       0       0       0       0       0
Total ram usage:        1 bytes
 Hardware stack levels required when called:    9
 This function calls:
		_initialisation_des_ports
		_initialisation_du_systeme
		_Init
 This function is called by:
		Startup code after reset
 This function uses a non-reentrant model


 *************** function _initialisation_du_systeme *****************
 Defined at:
		line 132 in file "systeme.c"
 Parameters:    Size  Location     Type
		None
 Auto vars:     Size  Location     Type
  temp            1    6[BANK0 ] unsigned char 
 Return value:  Size  Location     Type
		None               void
 Registers used:
		wreg, fsr2l, fsr2h, status,2, status,0, prodl, prodh, cstack
 Tracked objects:
		On entry : 
		On exit  : 
		Unchanged: 
 Data sizes:     COMRAM   BANK0   BANK1   BANK2   BANK3   BANK4   BANK5   BANK6   BANK7   BANK8   BANK9  BANK10  BANK11  BANK12  BANK13  BANK14  BANK15
      Params:         0       0       0       0       0       0       0       0       0       0       0       0       0       0       0       0       0
      Locals:         0       1       0       0       0       0       0       0       0       0       0       0       0       0       0       0       0
      Temps:          0       3       0       0       0       0       0       0       0       0       0       0       0       0       0       0       0
      Totals:         0       4       0       0       0       0       0       0       0       0       0       0       0       0       0       0       0
Total ram usage:        4 bytes
 Hardware stack levels used:    1
 Hardware stack levels required when called:    8
 This function calls:
		_write_EEPROM
 This function is called by:
		_main
 This function uses a non-reentrant model


 *************** function _Init *****************
 Defined at:
		line 5 in file "semaphore.c"
 Parameters:    Size  Location     Type
  sem             1    0[BANK0 ] unsigned char 
 Auto vars:     Size  Location     Type
		None
 Return value:  Size  Location     Type
		None               void
 Registers used:
		wreg, status,2, status,0
 Tracked objects:
		On entry : 
		On exit  : 
		Unchanged: 
 Data sizes:     COMRAM   BANK0   BANK1   BANK2   BANK3   BANK4   BANK5   BANK6   BANK7   BANK8   BANK9  BANK10  BANK11  BANK12  BANK13  BANK14  BANK15
      Params:         0       1       0       0       0       0       0       0       0       0       0       0       0       0       0       0       0
      Locals:         0       0       0       0       0       0       0       0       0       0       0       0       0       0       0       0       0
      Temps:          0       1       0       0       0       0       0       0       0       0       0       0       0       0       0       0       0
      Totals:         0       2       0       0       0       0       0       0       0       0       0       0       0       0       0       0       0
Total ram usage:        2 bytes
 Hardware stack levels used:    1
 Hardware stack levels required when called:    7
 This function calls:
		Nothing
 This function is called by:
		_main
 This function uses a non-reentrant model


 *************** function _initialisation_des_ports *****************
 Defined at:
		line 21 in file "main.c"
 Parameters:    Size  Location     Type
		None
 Auto vars:     Size  Location     Type
		None
 Return value:  Size  Location     Type
		None               void
 Registers used:
		wreg, status,2
 Tracked objects:
		On entry : 
		On exit  : 
		Unchanged: 
 Data sizes:     COMRAM   BANK0   BANK1   BANK2   BANK3   BANK4   BANK5   BANK6   BANK7   BANK8   BANK9  BANK10  BANK11  BANK12  BANK13  BANK14  BANK15
      Params:         0       0       0       0       0       0       0       0       0       0       0       0       0       0       0       0       0
      Locals:         0       0       0       0       0       0       0       0       0       0       0       0       0       0       0       0       0
      Temps:          0       0       0       0       0       0       0       0       0       0       0       0       0       0       0       0       0
      Totals:         0       0       0       0       0       0       0       0       0       0       0       0       0       0       0       0       0
Total ram usage:        0 bytes
 Hardware stack levels used:    1
 Hardware stack levels required when called:    7
 This function calls:
		Nothing
 This function is called by:
		_main
 This function uses a non-reentrant model


 *************** function _write_EEPROM *****************
 Defined at:
		line 61 in file "T4.c"
 Parameters:    Size  Location     Type
  data            1    0[BANK0 ] unsigned char 
  adressH         1    1[BANK0 ] unsigned char 
  adressL         1    2[BANK0 ] unsigned char 
 Auto vars:     Size  Location     Type
		None
 Return value:  Size  Location     Type
		None               void
 Registers used:
		wreg, status,2
 Tracked objects:
		On entry : 
		On exit  : 
		Unchanged: 
 Data sizes:     COMRAM   BANK0   BANK1   BANK2   BANK3   BANK4   BANK5   BANK6   BANK7   BANK8   BANK9  BANK10  BANK11  BANK12  BANK13  BANK14  BANK15
      Params:         0       3       0       0       0       0       0       0       0       0       0       0       0       0       0       0       0
      Locals:         0       0       0       0       0       0       0       0       0       0       0       0       0       0       0       0       0
      Temps:          0       0       0       0       0       0       0       0       0       0       0       0       0       0       0       0       0
      Totals:         0       3       0       0       0       0       0       0       0       0       0       0       0       0       0       0       0
Total ram usage:        3 bytes
 Hardware stack levels used:    1
 Hardware stack levels required when called:    7
 This function calls:
		Nothing
 This function is called by:
		_initialisation_du_systeme
 This function uses a non-reentrant model


 *************** function _fonction_d_interruption *****************
 Defined at:
		line 18 in file "systeme.c"
 Parameters:    Size  Location     Type
		None
 Auto vars:     Size  Location     Type
		None
 Return value:  Size  Location     Type
		None               void
 Registers used:
		wreg, fsr2l, fsr2h, status,2, status,0, tblptrl, tblptrh, tblptru, prodl, prodh, cstack
 Tracked objects:
		On entry : 
		On exit  : 
		Unchanged: 
 Data sizes:     COMRAM   BANK0   BANK1   BANK2   BANK3   BANK4   BANK5   BANK6   BANK7   BANK8   BANK9  BANK10  BANK11  BANK12  BANK13  BANK14  BANK15
      Params:         0       0       0       0       0       0       0       0       0       0       0       0       0       0       0       0       0
      Locals:         0       0       0       0       0       0       0       0       0       0       0       0       0       0       0       0       0
      Temps:         15       0       0       0       0       0       0       0       0       0       0       0       0       0       0       0       0
      Totals:        15       0       0       0       0       0       0       0       0       0       0       0       0       0       0       0       0
Total ram usage:       15 bytes
 Hardware stack levels used:    1
 Hardware stack levels required when called:    6
 This function calls:
		_tache1
		_tache2
		_tache3
		_tache4
		_tache5
		_tache6
 This function is called by:
		Interrupt level 2
 This function uses a non-reentrant model


 *************** function _tache4 *****************
 Defined at:
		line 4 in file "T4.c"
 Parameters:    Size  Location     Type
		None
 Auto vars:     Size  Location     Type
  n               1   42[COMRAM] unsigned char 
 Return value:  Size  Location     Type
		None               void
 Registers used:
		wreg, fsr2l, fsr2h, status,2, status,0, prodl, prodh, cstack
 Tracked objects:
		On entry : 
		On exit  : 
		Unchanged: 
 Data sizes:     COMRAM   BANK0   BANK1   BANK2   BANK3   BANK4   BANK5   BANK6   BANK7   BANK8   BANK9  BANK10  BANK11  BANK12  BANK13  BANK14  BANK15
      Params:         0       0       0       0       0       0       0       0       0       0       0       0       0       0       0       0       0
      Locals:         1       0       0       0       0       0       0       0       0       0       0       0       0       0       0       0       0
      Temps:          3       0       0       0       0       0       0       0       0       0       0       0       0       0       0       0       0
      Totals:         4       0       0       0       0       0       0       0       0       0       0       0       0       0       0       0       0
Total ram usage:        4 bytes
 Hardware stack levels used:    1
 Hardware stack levels required when called:    3
 This function calls:
		_lecture_normale
		_follow_driver_timer
		_read_EEPROM
		_follow_driver_timer_anormal
 This function is called by:
		_fonction_d_interruption
		_initialisation_du_systeme
 This function uses a non-reentrant model


 *************** function _tache3 *****************
 Defined at:
		line 5 in file "T3.c"
 Parameters:    Size  Location     Type
		None
 Auto vars:     Size  Location     Type
  i               1   19[COMRAM] unsigned char 
 Return value:  Size  Location     Type
		None               void
 Registers used:
		wreg, fsr2l, fsr2h, status,2, status,0, tblptrl, tblptrh, tblptru, prodl, prodh, cstack
 Tracked objects:
		On entry : 
		On exit  : 
		Unchanged: 
 Data sizes:     COMRAM   BANK0   BANK1   BANK2   BANK3   BANK4   BANK5   BANK6   BANK7   BANK8   BANK9  BANK10  BANK11  BANK12  BANK13  BANK14  BANK15
      Params:         0       0       0       0       0       0       0       0       0       0       0       0       0       0       0       0       0
      Locals:         1       0       0       0       0       0       0       0       0       0       0       0       0       0       0       0       0
      Temps:          2       0       0       0       0       0       0       0       0       0       0       0       0       0       0       0       0
      Totals:         3       0       0       0       0       0       0       0       0       0       0       0       0       0       0       0       0
Total ram usage:        3 bytes
 Hardware stack levels used:    1
 Hardware stack levels required when called:    5
 This function calls:
		i2_initialisation_des_ports
		_initialisation_afficheur
		_clear_text
		_clear_graphics
		_init_rxtx
		i2_Init
		_init_chRGB
		_goto_lico
		_draw_string
		_draw_char
		_lecture_8bit_analogique
		_draw_hex8
		_plot1
		_read_EEPROM
		_conv_badge_8bitsh
		_conv_badge_8bitsl
 This function is called by:
		_fonction_d_interruption
		_initialisation_du_systeme
 This function uses a non-reentrant model


 *************** function _lecture_8bit_analogique *****************
 Defined at:
		line 57 in file "main.c"
 Parameters:    Size  Location     Type
  channel         1    0[COMRAM] unsigned char 
 Auto vars:     Size  Location     Type
  ret             1    2[COMRAM] unsigned char 
 Return value:  Size  Location     Type
                  1    wreg      unsigned char 
 Registers used:
		wreg, status,2, status,0
 Tracked objects:
		On entry : 
		On exit  : 
		Unchanged: 
 Data sizes:     COMRAM   BANK0   BANK1   BANK2   BANK3   BANK4   BANK5   BANK6   BANK7   BANK8   BANK9  BANK10  BANK11  BANK12  BANK13  BANK14  BANK15
      Params:         1       0       0       0       0       0       0       0       0       0       0       0       0       0       0       0       0
      Locals:         1       0       0       0       0       0       0       0       0       0       0       0       0       0       0       0       0
      Temps:          1       0       0       0       0       0       0       0       0       0       0       0       0       0       0       0       0
      Totals:         3       0       0       0       0       0       0       0       0       0       0       0       0       0       0       0       0
Total ram usage:        3 bytes
 Hardware stack levels used:    1
 This function calls:
		Nothing
[...]
		_delai_us_char
 This function is called by:
		_command
		_d1command
		_d2command
 This function uses a non-reentrant model


 *************** function _delai_us_char *****************
 Defined at:
		line 155 in file "afficheur.c"
 Parameters:    Size  Location     Type
  ucdelai         1    0[COMRAM] unsigned char 
 Auto vars:     Size  Location     Type
		None
 Return value:  Size  Location     Type
		None               void
 Registers used:
		status,2, status,0
 Tracked objects:
		On entry : 
		On exit  : 
		Unchanged: 
 Data sizes:     COMRAM   BANK0   BANK1   BANK2   BANK3   BANK4   BANK5   BANK6   BANK7   BANK8   BANK9  BANK10  BANK11  BANK12  BANK13  BANK14  BANK15
      Params:         1       0       0       0       0       0       0       0       0       0       0       0       0       0       0       0       0
      Locals:         0       0       0       0       0       0       0       0       0       0       0       0       0       0       0       0       0
      Temps:          0       0       0       0       0       0       0       0       0       0       0       0       0       0       0       0       0
      Totals:         1       0       0       0       0       0       0       0       0       0       0       0       0       0       0       0       0
Total ram usage:        1 bytes
 Hardware stack levels used:    1
 This function calls:
		Nothing
 This function is called by:
		_wait_status_ok
		_command
		_d1command
		_d2command
		_initialisation_afficheur
 This function uses a non-reentrant model


 *************** function _stid_delai_us *****************
 Defined at:
		line 57 in file "stid.c"
 Parameters:    Size  Location     Type
  isdu            2    0[COMRAM] unsigned int 
 Auto vars:     Size  Location     Type
		None
 Return value:  Size  Location     Type
		None               void
 Registers used:
		wreg, status,2, status,0
 Tracked objects:
		On entry : 
		On exit  : 
		Unchanged: 
 Data sizes:     COMRAM   BANK0   BANK1   BANK2   BANK3   BANK4   BANK5   BANK6   BANK7   BANK8   BANK9  BANK10  BANK11  BANK12  BANK13  BANK14  BANK15
      Params:         2       0       0       0       0       0       0       0       0       0       0       0       0       0       0       0       0
      Locals:         0       0       0       0       0       0       0       0       0       0       0       0       0       0       0       0       0
      Temps:          0       0       0       0       0       0       0       0       0       0       0       0       0       0       0       0       0
      Totals:         2       0       0       0       0       0       0       0       0       0       0       0       0       0       0       0       0
Total ram usage:        2 bytes
 Hardware stack levels used:    1
 This function calls:
		Nothing
 This function is called by:
		_lecture_normale
 This function uses a non-reentrant model


 *************** function ___aldiv *****************
 Defined at:
		line 10 in file "C:\Program Files (x86)\Microchip\xc8\v1.12\sources\aldiv.c"
 Parameters:    Size  Location     Type
  dividend        4   12[COMRAM] long 
  divisor         4   16[COMRAM] long 
 Auto vars:     Size  Location     Type
  quotient        4   23[COMRAM] long 
  sign            1   22[COMRAM] unsigned char 
  counter         1   21[COMRAM] unsigned char 
 Return value:  Size  Location     Type
                  4   12[COMRAM] long 
 Registers used:
		wreg, status,2, status,0
 Tracked objects:
		On entry : 
		On exit  : 
		Unchanged: 
 Data sizes:     COMRAM   BANK0   BANK1   BANK2   BANK3   BANK4   BANK5   BANK6   BANK7   BANK8   BANK9  BANK10  BANK11  BANK12  BANK13  BANK14  BANK15
      Params:         8       0       0       0       0       0       0       0       0       0       0       0       0       0       0       0       0
      Locals:         6       0       0       0       0       0       0       0       0       0       0       0       0       0       0       0       0
      Temps:          1       0       0       0       0       0       0       0       0       0       0       0       0       0       0       0       0
      Totals:        15       0       0       0       0       0       0       0       0       0       0       0       0       0       0       0       0
Total ram usage:       15 bytes
 Hardware stack levels used:    1
 This function calls:
		Nothing
 This function is called by:
		_follow_driver_timer
		_follow_driver_timer_anormal
		_follow_timer_unused
 This function uses a non-reentrant model


 *************** function ___awmod *****************
 Defined at:
		line 10 in file "C:\Program Files (x86)\Microchip\xc8\v1.12\sources\awmod.c"
 Parameters:    Size  Location     Type
  dividend        2    0[COMRAM] int 
  divisor         2    2[COMRAM] int 
 Auto vars:     Size  Location     Type
  sign            1    6[COMRAM] unsigned char 
  counter         1    5[COMRAM] unsigned char 
 Return value:  Size  Location     Type
                  2    0[COMRAM] int 
 Registers used:
		wreg, status,2, status,0
 Tracked objects:
		On entry : 
		On exit  : 
		Unchanged: 
 Data sizes:     COMRAM   BANK0   BANK1   BANK2   BANK3   BANK4   BANK5   BANK6   BANK7   BANK8   BANK9  BANK10  BANK11  BANK12  BANK13  BANK14  BANK15
      Params:         4       0       0       0       0       0       0       0       0       0       0       0       0       0       0       0       0
      Locals:         2       0       0       0       0       0       0       0       0       0       0       0       0       0       0       0       0
      Temps:          1       0       0       0       0       0       0       0       0       0       0       0       0       0       0       0       0
      Totals:         7       0       0       0       0       0       0       0       0       0       0       0       0       0       0       0       0
Total ram usage:        7 bytes
 Hardware stack levels used:    1
 This function calls:
		Nothing
 This function is called by:
		_plot1
		_plot0
 This function uses a non-reentrant model


 *************** function ___awdiv *****************
 Defined at:
		line 10 in file "C:\Program Files (x86)\Microchip\xc8\v1.12\sources\awdiv.c"
 Parameters:    Size  Location     Type
  dividend        2    0[COMRAM] int 
  divisor         2    2[COMRAM] int 
 Auto vars:     Size  Location     Type
  quotient        2    7[COMRAM] int 
  sign            1    6[COMRAM] unsigned char 
  counter         1    5[COMRAM] unsigned char 
 Return value:  Size  Location     Type
                  2    0[COMRAM] int 
 Registers used:
		wreg, status,2, status,0
 Tracked objects:
		On entry : 
		On exit  : 
		Unchanged: 
 Data sizes:     COMRAM   BANK0   BANK1   BANK2   BANK3   BANK4   BANK5   BANK6   BANK7   BANK8   BANK9  BANK10  BANK11  BANK12  BANK13  BANK14  BANK15
      Params:         4       0       0       0       0       0       0       0       0       0       0       0       0       0       0       0       0
      Locals:         4       0       0       0       0       0       0       0       0       0       0       0       0       0       0       0       0
      Temps:          1       0       0       0       0       0       0       0       0       0       0       0       0       0       0       0       0
      Totals:         9       0       0       0       0       0       0       0       0       0       0       0       0       0       0       0       0
Total ram usage:        9 bytes
 Hardware stack levels used:    1
 This function calls:
		Nothing
 This function is called by:
		_plot1
		_plot0
 This function uses a non-reentrant model


 *************** function ___lmul *****************
 Defined at:
		line 3 in file "C:\Program Files (x86)\Microchip\xc8\v1.12\sources\lmul.c"
 Parameters:    Size  Location     Type
  multiplier      4    0[COMRAM] unsigned long 
  multiplicand    4    4[COMRAM] unsigned long 
 Auto vars:     Size  Location     Type
  product         4    8[COMRAM] unsigned long 
 Return value:  Size  Location     Type
                  4    0[COMRAM] unsigned long 
 Registers used:
		wreg, status,2, status,0
 Tracked objects:
		On entry : 
		On exit  : 
		Unchanged: 
 Data sizes:     COMRAM   BANK0   BANK1   BANK2   BANK3   BANK4   BANK5   BANK6   BANK7   BANK8   BANK9  BANK10  BANK11  BANK12  BANK13  BANK14  BANK15
      Params:         8       0       0       0       0       0       0       0       0       0       0       0       0       0       0       0       0
      Locals:         4       0       0       0       0       0       0       0       0       0       0       0       0       0       0       0       0
      Temps:          0       0       0       0       0       0       0       0       0       0       0       0       0       0       0       0       0
      Totals:        12       0       0       0       0       0       0       0       0       0       0       0       0       0       0       0       0
Total ram usage:       12 bytes
 Hardware stack levels used:    1
 This function calls:
		Nothing
 This function is called by:
		_follow_driver_timer
		_follow_driver_timer_anormal
		_follow_timer_unused
 This function uses a non-reentrant model


 *************** function ___lwdiv *****************
 Defined at:
		line 10 in file "C:\Program Files (x86)\Microchip\xc8\v1.12\sources\lwdiv.c"
 Parameters:    Size  Location     Type
  dividend        2    0[COMRAM] unsigned int 
  divisor         2    2[COMRAM] unsigned int 
 Auto vars:     Size  Location     Type
  quotient        2    5[COMRAM] unsigned int 
  counter         1    7[COMRAM] unsigned char 
 Return value:  Size  Location     Type
                  2    0[COMRAM] unsigned int 
 Registers used:
		wreg, status,2, status,0
 Tracked objects:
		On entry : 
		On exit  : 
		Unchanged: 
 Data sizes:     COMRAM   BANK0   BANK1   BANK2   BANK3   BANK4   BANK5   BANK6   BANK7   BANK8   BANK9  BANK10  BANK11  BANK12  BANK13  BANK14  BANK15
      Params:         4       0       0       0       0       0       0       0       0       0       0       0       0       0       0       0       0
      Locals:         3       0       0       0       0       0       0       0       0       0       0       0       0       0       0       0       0
      Temps:          1       0       0       0       0       0       0       0       0       0       0       0       0       0       0       0       0
      Totals:         8       0       0       0       0       0       0       0       0       0       0       0       0       0       0       0       0
Total ram usage:        8 bytes
 Hardware stack levels used:    1
 This function calls:
		Nothing
 This function is called by:
		_tache2
 This function uses a non-reentrant model


 *************** function i2_write_EEPROM *****************
 Defined at:
		line 61 in file "T4.c"
 Parameters:    Size  Location     Type
  write_EEPROM    1    0[COMRAM] unsigned char 
  write_EEPROM    1    1[COMRAM] unsigned char 
  write_EEPROM    1    2[COMRAM] unsigned char 
 Auto vars:     Size  Location     Type
		None
 Return value:  Size  Location     Type
		None               void
 Registers used:
		wreg, status,2
 Tracked objects:
		On entry : 
		On exit  : 
		Unchanged: 
 Data sizes:     COMRAM   BANK0   BANK1   BANK2   BANK3   BANK4   BANK5   BANK6   BANK7   BANK8   BANK9  BANK10  BANK11  BANK12  BANK13  BANK14  BANK15
      Params:         3       0       0       0       0       0       0       0       0       0       0       0       0       0       0       0       0
      Locals:         0       0       0       0       0       0       0       0       0       0       0       0       0       0       0       0       0
      Temps:          0       0       0       0       0       0       0       0       0       0       0       0       0       0       0       0       0
      Totals:         3       0       0       0       0       0       0       0       0       0       0       0       0       0       0       0       0
Total ram usage:        3 bytes
 Hardware stack levels used:    1
 This function calls:
		Nothing
 This function is called by:
		_add_timer
 This function uses a non-reentrant model


 *************** function i2_initialisation_des_ports *****************
 Defined at:
		line 21 in file "main.c"
 Parameters:    Size  Location     Type
		None
 Auto vars:     Size  Location     Type
		None
 Return value:  Size  Location     Type
		None               void
 Registers used:
		wreg, status,2
 Tracked objects:
		On entry : 
		On exit  : 
		Unchanged: 
 Data sizes:     COMRAM   BANK0   BANK1   BANK2   BANK3   BANK4   BANK5   BANK6   BANK7   BANK8   BANK9  BANK10  BANK11  BANK12  BANK13  BANK14  BANK15
      Params:         0       0       0       0       0       0       0       0       0       0       0       0       0       0       0       0       0
      Locals:         0       0       0       0       0       0       0       0       0       0       0       0       0       0       0       0       0
      Temps:          0       0       0       0       0       0       0       0       0       0       0       0       0       0       0       0       0
      Totals:         0       0       0       0       0       0       0       0       0       0       0       0       0       0       0       0       0
Total ram usage:        0 bytes
 Hardware stack levels used:    1
 This function calls:
		Nothing
 This function is called by:
		_tache3
 This function uses a non-reentrant model


 *************** function i2_Init *****************
 Defined at:
		line 5 in file "semaphore.c"
 Parameters:    Size  Location     Type
  Init            1    0[COMRAM] unsigned char 
 Auto vars:     Size  Location     Type
		None
 Return value:  Size  Location     Type
		None               void
 Registers used:
		wreg, status,2, status,0
 Tracked objects:
		On entry : 
		On exit  : 
		Unchanged: 
 Data sizes:     COMRAM   BANK0   BANK1   BANK2   BANK3   BANK4   BANK5   BANK6   BANK7   BANK8   BANK9  BANK10  BANK11  BANK12  BANK13  BANK14  BANK15
      Params:         1       0       0       0       0       0       0       0       0       0       0       0       0       0       0       0       0
      Locals:         0       0       0       0       0       0       0       0       0       0       0       0       0       0       0       0       0
      Temps:          1       0       0       0       0       0       0       0       0       0       0       0       0       0       0       0       0
      Totals:         2       0       0       0       0       0       0       0       0       0       0       0       0       0       0       0       0
Total ram usage:        2 bytes
 Hardware stack levels used:    1
 This function calls:
		Nothing
 This function is called by:
		_tache3
 This function uses a non-reentrant model


 *************** function _read_EEPROM *****************
 Defined at:
		line 78 in file "T4.c"
 Parameters:    Size  Location     Type
  adressH         1    9[COMRAM] unsigned char 
  adressL         1   10[COMRAM] unsigned char 
 Auto vars:     Size  Location     Type
  data            1   11[COMRAM] unsigned char 
 Return value:  Size  Location     Type
                  1    wreg      unsigned char 
 Registers used:
		wreg, status,2
 Tracked objects:
		On entry : 
		On exit  : 
		Unchanged: 
 Data sizes:     COMRAM   BANK0   BANK1   BANK2   BANK3   BANK4   BANK5   BANK6   BANK7   BANK8   BANK9  BANK10  BANK11  BANK12  BANK13  BANK14  BANK15
      Params:         2       0       0       0       0       0       0       0       0       0       0       0       0       0       0       0       0
      Locals:         1       0       0       0       0       0       0       0       0       0       0       0       0       0       0       0       0
      Temps:          0       0       0       0       0       0       0       0       0       0       0       0       0       0       0       0       0
      Totals:         3       0       0       0       0       0       0       0       0       0       0       0       0       0       0       0       0
Total ram usage:        3 bytes
 Hardware stack levels used:    1
 This function calls:
		Nothing
 This function is called by:
		_tache3
		_tache4
		_add_timer
 This function uses a non-reentrant model



MODULE INFORMATION

Module		Function		Class		Link	Load	Size
C:\Program Files (x86)\Microchip\xc8\v1.12\sources\lmul.c
		___lmul        		CODE           	11EA6	0000	98

C:\Program Files (x86)\Microchip\xc8\v1.12\sources\lmul.c estimated size: 98

afficheur.c
		_d2command     		CODE           	11A8C	0000	136
		_write_d_aff   		CODE           	12388	0000	24
		_clear_text    		CODE           	11FCA	0000	96
		_initialisation		CODE           	10E40	0000	374
		_write_c_aff   		CODE           	123A0	0000	24
		_clear_graphics		CODE           	11F6A	0000	96
		_draw_hex8     		CODE           	11B14	0000	134
		_delai_us_char 		CODE           	122C4	0000	38
		_draw_string   		CODE           	1202A	0000	88
		_plot1         		CODE           	11852	0000	214
		_goto_lico     		CODE           	11C96	0000	112
		_command       		CODE           	121A8	0000	58
		_wait_status_ok		CODE           	11B9A	0000	130
		_draw_char     		CODE           	12082	0000	82
		_d1command     		CODE           	11E44	0000	98
		_check_status_o		CODE           	1216A	0000	62

afficheur.c estimated size: 1766

C:\Program Files (x86)\Microchip\xc8\v1.12\sources\aldiv.c
		___aldiv       		CODE           	1147A	0000	260

C:\Program Files (x86)\Microchip\xc8\v1.12\sources\aldiv.c estimated size: 260

shared
		__stringdata   		MEDIUMCONST    	FF00	0000	255
		i2_Init        		CODE           	1229A	0000	42
		i2_write_EEPROM		CODE           	12270	0000	42
		__initializatio		CODE           	1234C	0000	24
		i2_initialisati		CODE           	11F08	0000	98

shared estimated size: 461

systeme.c
		_initialisation		CODE           	107F2	0000	1088
		_fonction_d_int		CODE           	0008	0000	962

systeme.c estimated size: 2050

main.c
		_initialisation		CODE           	11DE2	0000	98
		_main          		CODE           	12218	0000	46
		_lecture_8bit_a		CODE           	12124	0000	70

main.c estimated size: 214

C:\Program Files (x86)\Microchip\xc8\v1.12\sources\awmod.c
		___awmod       		CODE           	119E4	0000	168

C:\Program Files (x86)\Microchip\xc8\v1.12\sources\awmod.c estimated size: 168

T1.c
		_tache1        		CODE           	123B8	0000	4

T1.c estimated size: 4

stid.c
		_lecture_normal		CODE           	1157E	0000	248
		_stid_delai_us 		CODE           	1232C	0000	32

stid.c estimated size: 280

C:\Program Files (x86)\Microchip\xc8\v1.12\sources\awdiv.c
		___awdiv       		CODE           	11928	0000	188

C:\Program Files (x86)\Microchip\xc8\v1.12\sources\awdiv.c estimated size: 188

T2.c
		_tache2        		CODE           	1111C	0000	336
		_tp_delai      		CODE           	1230C	0000	32

T2.c estimated size: 368

semaphore.c
		_Init          		CODE           	121E2	0000	54

semaphore.c estimated size: 54

T3.c
		_init_chRGB    		CODE           	11676	0000	242
		_tache3        		CODE           	10000	0000	2034

T3.c estimated size: 2276

C:\Program Files (x86)\Microchip\xc8\v1.12\sources\lwdiv.c
		___lwdiv       		CODE           	11D76	0000	108

C:\Program Files (x86)\Microchip\xc8\v1.12\sources\lwdiv.c estimated size: 108

T4.c
		_follow_driver_		CODE           	11374	0000	262
		_follow_driver_		CODE           	1126C	0000	264
		_conv_badge_8bi		CODE           	11C1C	0000	122
		_conv_badge_8bi		CODE           	11D06	0000	112
		_add_timer     		CODE           	11768	0000	234
		_read_EEPROM   		CODE           	1236A	0000	30
		_tache4        		CODE           	10FB6	0000	358
		_write_EEPROM  		CODE           	12246	0000	42

T4.c estimated size: 1424

rxtx.c
		_init_rxtx     		CODE           	122EA	0000	34

rxtx.c estimated size: 34

T5.c
		_tache5        		CODE           	10C32	0000	526

T5.c estimated size: 526

T6.c
		_tache6        		CODE           	120D4	0000	80

T6.c estimated size: 80

